// Jest Snapshot v1, https://goo.gl/fbAQLP

exports[`Projects renders correctly 1`] = `
Array [
  <styled.ul
    data-test="projects"
>
    <ul
        className="sc-bZQynM eCIGDO"
        data-test="projects"
    >
        <li
            key="1234"
        >
            <Styled(Link)
                to="/project/1234"
            >
                <Link
                    className="sc-gzVnrw ZyJST"
                    to="/project/1234"
                >
                    <a>
                        MockedLink
                    </a>
                </Link>
            </Styled(Link)>
        </li>
        <li
            key="5678"
        >
            <Styled(Link)
                to="/project/5678"
            >
                <Link
                    className="sc-gzVnrw ZyJST"
                    to="/project/5678"
                >
                    <a>
                        MockedLink
                    </a>
                </Link>
            </Styled(Link)>
        </li>
    </ul>
</styled.ul>,
  <ul
    className="sc-bZQynM eCIGDO"
    data-test="projects"
>
    <li
        key="1234"
    >
        <Styled(Link)
            to="/project/1234"
        >
            <Link
                className="sc-gzVnrw ZyJST"
                to="/project/1234"
            >
                <a>
                    MockedLink
                </a>
            </Link>
        </Styled(Link)>
    </li>
    <li
        key="5678"
    >
        <Styled(Link)
            to="/project/5678"
        >
            <Link
                className="sc-gzVnrw ZyJST"
                to="/project/5678"
            >
                <a>
                    MockedLink
                </a>
            </Link>
        </Styled(Link)>
    </li>
</ul>,
]
`;

exports[`Projects renders correctly 2`] = `
<div
  data-test="newProject"
>
  <MyInput
    label="New project name"
    name="name"
    onChange={[Function]}
    placeholder="awesome project"
    type="text"
    value=""
  >
    <styled.div>
      <div
        className="sc-bdVaJa bPGLpq"
      >
        <styled.label
          for="name"
        >
          <label
            className="sc-bwzfXH hgqFEP"
          >
            New project name
          </label>
        </styled.label>
        <styled.input
          name="name"
          onChange={[Function]}
          placeholder="awesome project"
          type="text"
          value=""
        >
          <input
            className="sc-htpNat hHFhwJ"
            name="name"
            onChange={[Function]}
            placeholder="awesome project"
            type="text"
            value=""
          />
        </styled.input>
      </div>
    </styled.div>
  </MyInput>
  <Button
    animated={true}
    as="button"
    color="teal"
    onClick={[Function]}
    role="button"
  >
    <button
      className="ui teal animated button"
      onClick={[Function]}
      role="button"
    >
      <ButtonContent
        visible={true}
      >
        <div
          className="visible content"
        >
          Add
        </div>
      </ButtonContent>
      <ButtonContent
        hidden={true}
      >
        <div
          className="hidden content"
        >
          <Icon
            as="i"
            name="right arrow"
          >
            <i
              aria-hidden="true"
              className="right arrow icon"
            />
          </Icon>
        </div>
      </ButtonContent>
    </button>
  </Button>
</div>
`;
